// Vitest Snapshot v1, https://vitest.dev/guide/snapshot.html

exports[`shared chart components > renders a bar chart with a data table fallback 1`] = `
<DocumentFragment>
  <section
    class="chart-card"
  >
    <header
      class="chart-card__header"
    >
      <h3>
        Inventory overview
      </h3>
      <p
        class="chart-card__description"
      >
        Distribution of inventory
      </p>
    </header>
    <div
      class="chart-card__body"
    >
      <div
        aria-label="Inventory overview visualisation"
        class="chart-card__visual"
        role="img"
        style="width: 100%;"
      >
        <div
          class="recharts-responsive-container"
          style="width: 400px; height: 260px; min-width: 0;"
        >
          <div
            style="width: 0px; height: 0px; overflow: visible;"
          >
            <div
              class="recharts-wrapper"
              style="position: relative; cursor: default; width: 400px; height: 260px;"
            >
              <div
                class="recharts-tooltip-wrapper"
                style="visibility: hidden; pointer-events: none; position: absolute; top: 0px; left: 0px;"
                tabindex="-1"
                xmlns="http://www.w3.org/1999/xhtml"
              >
                <div
                  aria-live="assertive"
                  class="recharts-default-tooltip"
                  role="status"
                  style="margin: 0px; padding: 10px; background-color: rgb(255, 255, 255); white-space: nowrap;"
                >
                  <p
                    class="recharts-tooltip-label"
                    style="margin: 0px;"
                  />
                </div>
              </div>
              <div
                class="recharts-legend-wrapper"
                style="position: absolute; width: 390px; height: auto; left: 5px; bottom: 5px;"
              >
                <ul
                  class="recharts-default-legend"
                  style="padding: 0px; margin: 0px; text-align: center;"
                >
                  <li
                    class="recharts-legend-item legend-item-0"
                    style="display: inline-block; margin-right: 10px;"
                  >
                    <svg
                      aria-label="Properties legend icon"
                      class="recharts-surface"
                      height="14"
                      style="display: inline-block; vertical-align: middle; margin-right: 4px;"
                      viewBox="0 0 32 32"
                      width="14"
                    >
                      <title />
                      <desc />
                      <path
                        class="recharts-legend-icon"
                        d="M0,4h32v24h-32z"
                        stroke="none"
                      />
                    </svg>
                    <span
                      class="recharts-legend-item-text"
                    >
                      Properties
                    </span>
                  </li>
                </ul>
              </div>
              <svg
                class="recharts-surface"
                height="260"
                role="application"
                style="width: 100%; height: 100%;"
                tabindex="0"
                viewBox="0 0 400 260"
                width="400"
              >
                <title />
                <desc />
                <defs>
                  <clippath
                    id="recharts1-clip"
                  >
                    <rect
                      height="220"
                      width="330"
                      x="65"
                      y="5"
                    />
                  </clippath>
                </defs>
                <g
                  class="recharts-cartesian-grid"
                >
                  <g
                    class="recharts-cartesian-grid-horizontal"
                  >
                    <line
                      fill="none"
                      height="220"
                      stroke="#ccc"
                      stroke-dasharray="3 3"
                      width="330"
                      x="65"
                      x1="65"
                      x2="395"
                      y="5"
                      y1="225"
                      y2="225"
                    />
                    <line
                      fill="none"
                      height="220"
                      stroke="#ccc"
                      stroke-dasharray="3 3"
                      width="330"
                      x="65"
                      x1="65"
                      x2="395"
                      y="5"
                      y1="170"
                      y2="170"
                    />
                    <line
                      fill="none"
                      height="220"
                      stroke="#ccc"
                      stroke-dasharray="3 3"
                      width="330"
                      x="65"
                      x1="65"
                      x2="395"
                      y="5"
                      y1="115"
                      y2="115"
                    />
                    <line
                      fill="none"
                      height="220"
                      stroke="#ccc"
                      stroke-dasharray="3 3"
                      width="330"
                      x="65"
                      x1="65"
                      x2="395"
                      y="5"
                      y1="60"
                      y2="60"
                    />
                    <line
                      fill="none"
                      height="220"
                      stroke="#ccc"
                      stroke-dasharray="3 3"
                      width="330"
                      x="65"
                      x1="65"
                      x2="395"
                      y="5"
                      y1="5"
                      y2="5"
                    />
                  </g>
                  <g
                    class="recharts-cartesian-grid-vertical"
                  >
                    <line
                      fill="none"
                      height="220"
                      stroke="#ccc"
                      stroke-dasharray="3 3"
                      width="330"
                      x="65"
                      x1="120"
                      x2="120"
                      y="5"
                      y1="5"
                      y2="225"
                    />
                    <line
                      fill="none"
                      height="220"
                      stroke="#ccc"
                      stroke-dasharray="3 3"
                      width="330"
                      x="65"
                      x1="230"
                      x2="230"
                      y="5"
                      y1="5"
                      y2="225"
                    />
                    <line
                      fill="none"
                      height="220"
                      stroke="#ccc"
                      stroke-dasharray="3 3"
                      width="330"
                      x="65"
                      x1="340"
                      x2="340"
                      y="5"
                      y1="5"
                      y2="225"
                    />
                    <line
                      fill="none"
                      height="220"
                      stroke="#ccc"
                      stroke-dasharray="3 3"
                      width="330"
                      x="65"
                      x1="65"
                      x2="65"
                      y="5"
                      y1="5"
                      y2="225"
                    />
                    <line
                      fill="none"
                      height="220"
                      stroke="#ccc"
                      stroke-dasharray="3 3"
                      width="330"
                      x="65"
                      x1="395"
                      x2="395"
                      y="5"
                      y1="5"
                      y2="225"
                    />
                  </g>
                </g>
                <g
                  class="recharts-layer recharts-cartesian-axis recharts-xAxis xAxis"
                >
                  <line
                    angle="0"
                    class="recharts-cartesian-axis-line"
                    fill="none"
                    height="30"
                    orientation="bottom"
                    stroke="#666"
                    text-anchor="middle"
                    width="330"
                    x="65"
                    x1="65"
                    x2="395"
                    y="225"
                    y1="225"
                    y2="225"
                  />
                  <g
                    class="recharts-cartesian-axis-ticks"
                  >
                    <g
                      class="recharts-layer recharts-cartesian-axis-tick"
                    >
                      <line
                        angle="0"
                        class="recharts-cartesian-axis-tick-line"
                        fill="none"
                        height="30"
                        orientation="bottom"
                        stroke="#666"
                        text-anchor="middle"
                        width="330"
                        x="65"
                        x1="120"
                        x2="120"
                        y="225"
                        y1="231"
                        y2="225"
                      />
                      <text
                        class="recharts-text recharts-cartesian-axis-tick-value"
                        fill="#666"
                        height="30"
                        orientation="bottom"
                        stroke="none"
                        text-anchor="middle"
                        width="330"
                        x="120"
                        y="233"
                      >
                        <tspan
                          dy="0.71em"
                          x="120"
                        >
                          Available
                        </tspan>
                      </text>
                    </g>
                    <g
                      class="recharts-layer recharts-cartesian-axis-tick"
                    >
                      <line
                        angle="0"
                        class="recharts-cartesian-axis-tick-line"
                        fill="none"
                        height="30"
                        orientation="bottom"
                        stroke="#666"
                        text-anchor="middle"
                        width="330"
                        x="65"
                        x1="230"
                        x2="230"
                        y="225"
                        y1="231"
                        y2="225"
                      />
                      <text
                        class="recharts-text recharts-cartesian-axis-tick-value"
                        fill="#666"
                        height="30"
                        orientation="bottom"
                        stroke="none"
                        text-anchor="middle"
                        width="330"
                        x="230"
                        y="233"
                      >
                        <tspan
                          dy="0.71em"
                          x="230"
                        >
                          Reserved
                        </tspan>
                      </text>
                    </g>
                    <g
                      class="recharts-layer recharts-cartesian-axis-tick"
                    >
                      <line
                        angle="0"
                        class="recharts-cartesian-axis-tick-line"
                        fill="none"
                        height="30"
                        orientation="bottom"
                        stroke="#666"
                        text-anchor="middle"
                        width="330"
                        x="65"
                        x1="340"
                        x2="340"
                        y="225"
                        y1="231"
                        y2="225"
                      />
                      <text
                        class="recharts-text recharts-cartesian-axis-tick-value"
                        fill="#666"
                        height="30"
                        orientation="bottom"
                        stroke="none"
                        text-anchor="middle"
                        width="330"
                        x="340"
                        y="233"
                      >
                        <tspan
                          dy="0.71em"
                          x="340"
                        >
                          Sold
                        </tspan>
                      </text>
                    </g>
                  </g>
                </g>
                <g
                  class="recharts-layer recharts-cartesian-axis recharts-yAxis yAxis"
                >
                  <line
                    angle="0"
                    class="recharts-cartesian-axis-line"
                    fill="none"
                    height="220"
                    orientation="left"
                    stroke="#666"
                    width="60"
                    x="5"
                    x1="65"
                    x2="65"
                    y="5"
                    y1="5"
                    y2="225"
                  />
                  <g
                    class="recharts-cartesian-axis-ticks"
                  >
                    <g
                      class="recharts-layer recharts-cartesian-axis-tick"
                    >
                      <line
                        angle="0"
                        class="recharts-cartesian-axis-tick-line"
                        fill="none"
                        height="220"
                        orientation="left"
                        stroke="#666"
                        width="60"
                        x="5"
                        x1="59"
                        x2="65"
                        y="5"
                        y1="225"
                        y2="225"
                      />
                      <text
                        class="recharts-text recharts-cartesian-axis-tick-value"
                        fill="#666"
                        height="220"
                        orientation="left"
                        stroke="none"
                        text-anchor="end"
                        width="60"
                        x="57"
                        y="225"
                      >
                        <tspan
                          dy="0.355em"
                          x="57"
                        >
                          0
                        </tspan>
                      </text>
                    </g>
                    <g
                      class="recharts-layer recharts-cartesian-axis-tick"
                    >
                      <line
                        angle="0"
                        class="recharts-cartesian-axis-tick-line"
                        fill="none"
                        height="220"
                        orientation="left"
                        stroke="#666"
                        width="60"
                        x="5"
                        x1="59"
                        x2="65"
                        y="5"
                        y1="170"
                        y2="170"
                      />
                      <text
                        class="recharts-text recharts-cartesian-axis-tick-value"
                        fill="#666"
                        height="220"
                        orientation="left"
                        stroke="none"
                        text-anchor="end"
                        width="60"
                        x="57"
                        y="170"
                      >
                        <tspan
                          dy="0.355em"
                          x="57"
                        >
                          3
                        </tspan>
                      </text>
                    </g>
                    <g
                      class="recharts-layer recharts-cartesian-axis-tick"
                    >
                      <line
                        angle="0"
                        class="recharts-cartesian-axis-tick-line"
                        fill="none"
                        height="220"
                        orientation="left"
                        stroke="#666"
                        width="60"
                        x="5"
                        x1="59"
                        x2="65"
                        y="5"
                        y1="115"
                        y2="115"
                      />
                      <text
                        class="recharts-text recharts-cartesian-axis-tick-value"
                        fill="#666"
                        height="220"
                        orientation="left"
                        stroke="none"
                        text-anchor="end"
                        width="60"
                        x="57"
                        y="115"
                      >
                        <tspan
                          dy="0.355em"
                          x="57"
                        >
                          6
                        </tspan>
                      </text>
                    </g>
                    <g
                      class="recharts-layer recharts-cartesian-axis-tick"
                    >
                      <line
                        angle="0"
                        class="recharts-cartesian-axis-tick-line"
                        fill="none"
                        height="220"
                        orientation="left"
                        stroke="#666"
                        width="60"
                        x="5"
                        x1="59"
                        x2="65"
                        y="5"
                        y1="60"
                        y2="60"
                      />
                      <text
                        class="recharts-text recharts-cartesian-axis-tick-value"
                        fill="#666"
                        height="220"
                        orientation="left"
                        stroke="none"
                        text-anchor="end"
                        width="60"
                        x="57"
                        y="60"
                      >
                        <tspan
                          dy="0.355em"
                          x="57"
                        >
                          9
                        </tspan>
                      </text>
                    </g>
                    <g
                      class="recharts-layer recharts-cartesian-axis-tick"
                    >
                      <line
                        angle="0"
                        class="recharts-cartesian-axis-tick-line"
                        fill="none"
                        height="220"
                        orientation="left"
                        stroke="#666"
                        width="60"
                        x="5"
                        x1="59"
                        x2="65"
                        y="5"
                        y1="5"
                        y2="5"
                      />
                      <text
                        class="recharts-text recharts-cartesian-axis-tick-value"
                        fill="#666"
                        height="220"
                        orientation="left"
                        stroke="none"
                        text-anchor="end"
                        width="60"
                        x="57"
                        y="5"
                      >
                        <tspan
                          dy="0.355em"
                          x="57"
                        >
                          12
                        </tspan>
                      </text>
                    </g>
                  </g>
                </g>
                <g
                  class="recharts-layer recharts-bar"
                  id="recharts-bar-:r0:"
                >
                  <g
                    class="recharts-layer recharts-bar-rectangles"
                  >
                    <g
                      class="recharts-layer"
                    >
                      <g
                        class="recharts-layer recharts-bar-rectangle"
                      />
                      <g
                        class="recharts-layer recharts-bar-rectangle"
                      />
                      <g
                        class="recharts-layer recharts-bar-rectangle"
                      />
                    </g>
                  </g>
                </g>
              </svg>
            </div>
          </div>
        </div>
      </div>
      <table
        class="chart-card__table"
      >
        <caption
          class="visually-hidden"
        >
          Inventory overview data table
        </caption>
        <thead>
          <tr>
            <th
              scope="col"
            >
              Label
            </th>
            <th
              scope="col"
            >
              Properties
            </th>
          </tr>
        </thead>
        <tbody>
          <tr>
            <td>
              Available
            </td>
            <td>
              12
            </td>
          </tr>
          <tr>
            <td>
              Reserved
            </td>
            <td>
              5
            </td>
          </tr>
          <tr>
            <td>
              Sold
            </td>
            <td>
              7
            </td>
          </tr>
        </tbody>
      </table>
    </div>
  </section>
</DocumentFragment>
`;
